2026-10-08T05:42:57.6140311Z Current runner version: '2.337.0'
2026-10-08T05:42:57.6217039Z ##[group]Runner Image Provisioner
2026-10-08T05:42:57.6218544Z Hosted Compute Agent
2026-10-08T05:42:57.6219547Z Version: 20261002.596
2026-10-08T05:42:57.6220595Z Commit: c3d12f3313a95f25162a1503be624f3b0617f8c0
2026-10-08T05:42:57.6221945Z Build Date: 2026-10-02T22:28:27Z
2026-10-08T05:42:57.6223081Z Worker ID: {48838d40-608a-48f1-903d-7e6c1065aa07}
2026-10-08T05:42:57.6225168Z Region: eastus2
2026-10-08T05:42:57.6226693Z Cloud: Azure
2026-10-08T05:42:57.6227958Z ##[endgroup]
2026-10-08T05:42:57.6231949Z ##[group]Operating System
2026-10-08T05:42:57.6232976Z Ubuntu
2026-10-08T05:42:57.6233954Z 24.04.5
2026-10-08T05:42:57.6235253Z LTS
2026-10-08T05:42:57.6236108Z ##[endgroup]
2026-10-08T05:42:57.6237614Z ##[group]Runner Image
2026-10-08T05:42:57.6238679Z Image: ubuntu-24.04
2026-10-08T05:42:57.6239871Z Version: 20261004.327.1
2026-10-08T05:42:57.6242026Z Included Software: https://github.com/actions/runner-images/blob/ubuntu24/20261004.327/images/ubuntu/Ubuntu2404-Readme.md
2026-10-08T05:42:57.6245106Z Image Release: https://github.com/actions/runner-images/releases/tag/ubuntu24%2F20261004.327
2026-10-08T05:42:57.6246844Z ##[endgroup]
2026-10-08T05:42:57.6248928Z ##[group]GITHUB_TOKEN Permissions
2026-10-08T05:42:57.6251907Z Contents: read
2026-10-08T05:42:57.6252902Z Metadata: read
2026-10-08T05:42:57.6253832Z Packages: read
2026-10-08T05:42:57.6255104Z ##[endgroup]
2026-10-08T05:42:57.6258305Z Secret source: Actions
2026-10-08T05:42:57.6259858Z Cache mode: write
2026-10-08T05:42:57.6261510Z Prepare workflow directory
2026-10-08T05:42:57.6739664Z Prepare all required actions
2026-10-08T05:42:57.6813010Z Getting action download info
2026-10-08T05:42:57.8767437Z Download action repository 'actions/checkout@v4' (SHA:11d5960a326750d5838078e36cf38b85af677262)
2026-10-08T05:42:57.9790805Z Download action repository 'actions/setup-java@v4' (SHA:cf277c60eb25467037889841efdb72551f06f6c3)
2026-10-08T05:42:58.2879210Z Download action repository 'actions/upload-artifact@v4' (SHA:ea165f8d65b6e75b540449e92b4886f43607fa02)
2026-10-08T05:42:58.5529739Z Complete job name: build
2026-10-08T05:42:58.6441919Z ##[group]Run actions/checkout@v4
2026-10-08T05:42:58.6443244Z with:
2026-10-08T05:42:58.6444078Z   repository: GeniusVoid/ChessInsight
2026-10-08T05:42:58.6453178Z   token: ***
2026-10-08T05:42:58.6453972Z   ssh-strict: true
2026-10-08T05:42:58.6455139Z   ssh-user: git
2026-10-08T05:42:58.6456051Z   persist-credentials: true
2026-10-08T05:42:58.6456964Z   clean: true
2026-10-08T05:42:58.6457802Z   sparse-checkout-cone-mode: true
2026-10-08T05:42:58.6458765Z   fetch-depth: 1
2026-10-08T05:42:58.6459554Z   fetch-tags: false
2026-10-08T05:42:58.6460372Z   show-progress: true
2026-10-08T05:42:58.6461204Z   lfs: false
2026-10-08T05:42:58.6461970Z   submodules: false
2026-10-08T05:42:58.6462800Z   set-safe-directory: true
2026-10-08T05:42:58.6463733Z   allow-unsafe-pr-checkout: false
2026-10-08T05:42:58.6465197Z ##[endgroup]
2026-10-08T05:42:58.7702049Z Syncing repository: GeniusVoid/ChessInsight
2026-10-08T05:42:58.7708046Z ##[group]Getting Git version info
2026-10-08T05:42:58.7710774Z Working directory is '/home/runner/work/ChessInsight/ChessInsight'
2026-10-08T05:42:58.7714959Z [command]/usr/bin/git version
2026-10-08T05:42:58.7737054Z git version 2.55.0
2026-10-08T05:42:58.7816361Z ##[endgroup]
2026-10-08T05:42:58.7825977Z Temporarily overriding HOME='/home/runner/work/_temp/861bfbb7-8325-4a78-a404-733bfec9d779' before making global git config changes
2026-10-08T05:42:58.7838083Z Adding repository directory to the temporary git global config as a safe directory
2026-10-08T05:42:58.7843007Z [command]/usr/bin/git config --global --add safe.directory /home/runner/work/ChessInsight/ChessInsight
2026-10-08T05:42:58.7930590Z Deleting the contents of '/home/runner/work/ChessInsight/ChessInsight'
2026-10-08T05:42:58.7935007Z ##[group]Initializing the repository
2026-10-08T05:42:58.7937318Z [command]/usr/bin/git init /home/runner/work/ChessInsight/ChessInsight
2026-10-08T05:42:58.8155925Z hint: Using 'master' as the name for the initial branch. This default branch name
2026-10-08T05:42:58.8158755Z hint: will change to "main" in Git 3.0. To configure the initial branch name
2026-10-08T05:42:58.8166935Z hint: to use in all of your new repositories, which will suppress this warning,
2026-10-08T05:42:58.8169584Z hint: call:
2026-10-08T05:42:58.8173095Z hint:
2026-10-08T05:42:58.8175059Z hint: 	git config --global init.defaultBranch <name>
2026-10-08T05:42:58.8176990Z hint:
2026-10-08T05:42:58.8178741Z hint: Names commonly chosen instead of 'master' are 'main', 'trunk' and
2026-10-08T05:42:58.8181628Z hint: 'development'. The just-created branch can be renamed via this command:
2026-10-08T05:42:58.8183965Z hint:
2026-10-08T05:42:58.8185589Z hint: 	git branch -m <name>
2026-10-08T05:42:58.8187064Z hint:
2026-10-08T05:42:58.8189036Z hint: Disable this message with "git config set advice.defaultBranchName false"
2026-10-08T05:42:58.8192347Z Initialized empty Git repository in /home/runner/work/ChessInsight/ChessInsight/.git/
2026-10-08T05:42:58.8198648Z [command]/usr/bin/git remote add origin https://github.com/GeniusVoid/ChessInsight
2026-10-08T05:42:58.8278421Z ##[endgroup]
2026-10-08T05:42:58.8282318Z ##[group]Disabling automatic garbage collection
2026-10-08T05:42:58.8286923Z [command]/usr/bin/git config --local gc.auto 0
2026-10-08T05:42:58.8294359Z ##[endgroup]
2026-10-08T05:42:58.8322810Z ##[group]Setting up auth
2026-10-08T05:42:58.8326854Z [command]/usr/bin/git config --local --name-only --get-regexp core\.sshCommand
2026-10-08T05:42:58.8352009Z [command]/usr/bin/git submodule foreach --recursive sh -c "git config --local --name-only --get-regexp 'core\.sshCommand' && git config --local --unset-all 'core.sshCommand' || :"
2026-10-08T05:42:58.9015114Z [command]/usr/bin/git config --local --name-only --get-regexp http\.https\:\/\/github\.com\/\.extraheader
2026-10-08T05:42:58.9025145Z [command]/usr/bin/git submodule foreach --recursive sh -c "git config --local --name-only --get-regexp 'http\.https\:\/\/github\.com\/\.extraheader' && git config --local --unset-all 'http.https://github.com/.extraheader' || :"
2026-10-08T05:42:58.9268821Z [command]/usr/bin/git config --local --name-only --get-regexp ^includeIf\.gitdir:
2026-10-08T05:42:58.9313895Z [command]/usr/bin/git submodule foreach --recursive git config --local --show-origin --name-only --get-regexp remote.origin.url
2026-10-08T05:42:58.9565873Z [command]/usr/bin/git config --local http.https://github.com/.extraheader AUTHORIZATION: basic ***
2026-10-08T05:42:58.9611384Z ##[endgroup]
2026-10-08T05:42:58.9614453Z ##[group]Fetching the repository
2026-10-08T05:42:58.9626309Z [command]/usr/bin/git -c protocol.version=2 fetch --no-tags --prune --no-recurse-submodules --depth=1 origin +745f2c3d8d8984e823acfc6b95ebab82e861db80:refs/remotes/origin/main
2026-10-08T05:42:59.2306703Z From https://github.com/GeniusVoid/ChessInsight
2026-10-08T05:42:59.2319043Z  * [new ref]         745f2c3d8d8984e823acfc6b95ebab82e861db80 -> origin/main
2026-10-08T05:42:59.2325807Z ##[endgroup]
2026-10-08T05:42:59.2329296Z ##[group]Determining the checkout info
2026-10-08T05:42:59.2331411Z ##[endgroup]
2026-10-08T05:42:59.2332640Z [command]/usr/bin/git sparse-checkout disable
2026-10-08T05:42:59.2339040Z [command]/usr/bin/git config --local --unset-all extensions.worktreeConfig
2026-10-08T05:42:59.2379752Z ##[group]Checking out the ref
2026-10-08T05:42:59.2385345Z [command]/usr/bin/git checkout --progress --force -B main refs/remotes/origin/main
2026-10-08T05:42:59.2500070Z Switched to a new branch 'main'
2026-10-08T05:42:59.2506141Z branch 'main' set up to track 'origin/main'.
2026-10-08T05:42:59.2513586Z ##[endgroup]
2026-10-08T05:42:59.2560335Z [command]/usr/bin/git log -1 --format=%H
2026-10-08T05:42:59.2597298Z 745f2c3d8d8984e823acfc6b95ebab82e861db80
2026-10-08T05:42:59.2925160Z ##[group]Run actions/setup-java@v4
2026-10-08T05:42:59.2925646Z with:
2026-10-08T05:42:59.2926016Z   java-version: 17
2026-10-08T05:42:59.2926392Z   distribution: temurin
2026-10-08T05:42:59.2926975Z   cache: gradle
2026-10-08T05:42:59.2927332Z   java-package: jdk
2026-10-08T05:42:59.2927703Z   check-latest: false
2026-10-08T05:42:59.2928080Z   server-id: github
2026-10-08T05:42:59.2928454Z   server-username: GITHUB_ACTOR
2026-10-08T05:42:59.2928895Z   server-password: GITHUB_TOKEN
2026-10-08T05:42:59.2992735Z   overwrite-settings: true
2026-10-08T05:42:59.2993616Z   job-status: success
2026-10-08T05:42:59.2997925Z   token: ***
2026-10-08T05:42:59.2998342Z ##[endgroup]
2026-10-08T05:42:59.5113865Z ##[warning]setup-java v4 is deprecated and will no longer receive updates. Please migrate to actions/setup-java@v5.
2026-10-08T05:42:59.5127346Z ##[group]Installed distributions
2026-10-08T05:42:59.5182981Z Resolved Java 17.0.20+1 from tool-cache
2026-10-08T05:42:59.5195910Z Setting Java 17.0.20+1 as the default
2026-10-08T05:42:59.5216440Z (node:2074) [DEP0040] DeprecationWarning: The `punycode` module is deprecated. Please use a userland alternative instead.
2026-10-08T05:42:59.5217944Z Creating toolchains.xml for JDK version 17 from temurin
2026-10-08T05:42:59.5257575Z (Use `node --trace-deprecation ...` to show where the warning was created)
2026-10-08T05:42:59.5394113Z Writing to /home/runner/.m2/toolchains.xml
2026-10-08T05:42:59.5395648Z 
2026-10-08T05:42:59.5420627Z Java configuration:
2026-10-08T05:42:59.5432101Z   Distribution: temurin
2026-10-08T05:42:59.5461462Z   Version: 17.0.20+1
2026-10-08T05:42:59.5495603Z   Path: /opt/hostedtoolcache/Java_Temurin-Hotspot_jdk/17.0.20-1/x64
2026-10-08T05:42:59.5535155Z 
2026-10-08T05:42:59.5556655Z ##[endgroup]
2026-10-08T05:42:59.5594379Z Creating settings.xml with server-id: github
2026-10-08T05:42:59.5595600Z Writing to /home/runner/.m2/settings.xml
2026-10-08T05:42:59.7678234Z gradle cache is not found
2026-10-08T05:42:59.7779382Z ##[group]Run chmod +x gradlew || true
2026-10-08T05:42:59.7779927Z [36;1mchmod +x gradlew || true[0m
2026-10-08T05:42:59.8202667Z shell: /usr/bin/bash -e {0}
2026-10-08T05:42:59.8203407Z env:
2026-10-08T05:42:59.8204443Z   JAVA_HOME: /opt/hostedtoolcache/Java_Temurin-Hotspot_jdk/17.0.20-1/x64
2026-10-08T05:42:59.8205750Z   JAVA_HOME_17_X64: /opt/hostedtoolcache/Java_Temurin-Hotspot_jdk/17.0.20-1/x64
2026-10-08T05:42:59.8206295Z ##[endgroup]
2026-10-08T05:42:59.8338430Z chmod: cannot access 'gradlew': No such file or directory
2026-10-08T05:42:59.8386059Z ##[group]Run if [ -f "./gradlew" ]; then
2026-10-08T05:42:59.8386610Z [36;1mif [ -f "./gradlew" ]; then[0m
2026-10-08T05:42:59.8387039Z [36;1m  ./gradlew assembleDebug[0m
2026-10-08T05:42:59.8387433Z [36;1melse[0m
2026-10-08T05:42:59.8387791Z [36;1m  gradle assembleDebug[0m
2026-10-08T05:42:59.8388162Z [36;1mfi[0m
2026-10-08T05:42:59.8455562Z shell: /usr/bin/bash -e {0}
2026-10-08T05:42:59.8455954Z env:
2026-10-08T05:42:59.8456424Z   JAVA_HOME: /opt/hostedtoolcache/Java_Temurin-Hotspot_jdk/17.0.20-1/x64
2026-10-08T05:42:59.8457081Z   JAVA_HOME_17_X64: /opt/hostedtoolcache/Java_Temurin-Hotspot_jdk/17.0.20-1/x64
2026-10-08T05:42:59.8457600Z ##[endgroup]
2026-10-08T05:43:08.4380883Z 
2026-10-08T05:43:08.4390651Z Welcome to Gradle 9.8.0!
2026-10-08T05:43:08.4395431Z 
2026-10-08T05:43:08.4395985Z Here are the highlights of this release:
2026-10-08T05:43:08.4396954Z  - Java 27 support
2026-10-08T05:43:08.4397827Z  - Maven mirror settings reuse
2026-10-08T05:43:08.4398913Z  - Linked problem locations in build output
2026-10-08T05:43:08.4399574Z 
2026-10-08T05:43:08.4400131Z For more details see https://docs.gradle.org/9.8.0/release-notes.html
2026-10-08T05:43:08.4400910Z 
2026-10-08T05:43:09.3360325Z Starting a Gradle Daemon (subsequent builds will be faster)
2026-10-08T05:44:43.4376145Z 
2026-10-08T05:44:43.4376279Z 
2026-10-08T05:44:43.4411120Z [Incubating] Problems report is available at: file:///home/runner/work/ChessInsight/ChessInsight/build/reports/problems/problems-report.html
2026-10-08T05:44:43.4417584Z FAILURE: Build failed with an exception.
2026-10-08T05:44:43.4436897Z 
2026-10-08T05:44:43.4436967Z 
2026-10-08T05:44:43.4456302Z Deprecated Gradle features were used in this build, making it incompatible with Gradle 10.
2026-10-08T05:44:43.4475093Z 
2026-10-08T05:44:43.4486037Z You can use '--warning-mode all' to show the individual deprecation warnings and determine if they come from your own scripts or plugins.
2026-10-08T05:44:43.4487437Z * What went wrong:
2026-10-08T05:44:43.4495201Z 
2026-10-08T05:44:43.4516097Z For more on this, please refer to https://docs.gradle.org/9.8.0/userguide/command_line_interface.html#sec:command_line_warnings in the Gradle documentation.
2026-10-08T05:44:43.4545744Z Could not determine the dependencies of task ':app:compileDebugJavaWithJavac'.
2026-10-08T05:44:43.4586110Z > Could not create task ':app:kaptDebugKotlin'.
2026-10-08T05:44:43.4595755Z    > 'org.gradle.api.file.FileCollection org.gradle.api.artifacts.Configuration.fileCollection(org.gradle.api.specs.Spec)'
2026-10-08T05:44:43.4645546Z 
2026-10-08T05:44:43.4675258Z * Try:
2026-10-08T05:44:43.4715396Z > Run with --stacktrace option to get the stack trace.
2026-10-08T05:44:43.4775533Z > Run with --info or --debug option to get more log output.
2026-10-08T05:44:43.4815627Z > Run with --scan to get full insights from a Build Scan (powered by Develocity).
2026-10-08T05:44:43.4835580Z > Get more help at https://help.gradle.org.
2026-10-08T05:44:43.4857150Z 
2026-10-08T05:44:43.4915411Z BUILD FAILED in 1m 42s
2026-10-08T05:44:43.9744300Z ##[error]Process completed with exit code 1.
2026-10-08T05:44:43.9881565Z Post job cleanup.
2026-10-08T05:44:44.1417406Z (node:2281) [DEP0040] DeprecationWarning: The `punycode` module is deprecated. Please use a userland alternative instead.
2026-10-08T05:44:44.1440124Z (Use `node --trace-deprecation ...` to show where the warning was created)
2026-10-08T05:44:44.1733420Z Post job cleanup.
2026-10-08T05:44:44.2833381Z [command]/usr/bin/git version
2026-10-08T05:44:44.2926716Z git version 2.55.0
2026-10-08T05:44:44.3130846Z Temporarily overriding HOME='/home/runner/work/_temp/ab34ac1e-0dbc-4e3f-905a-27b9bc940fe9' before making global git config changes
2026-10-08T05:44:44.3170576Z Adding repository directory to the temporary git global config as a safe directory
2026-10-08T05:44:44.3225637Z [command]/usr/bin/git config --global --add safe.directory /home/runner/work/ChessInsight/ChessInsight
2026-10-08T05:44:44.3335739Z [command]/usr/bin/git config --local --name-only --get-regexp core\.sshCommand
2026-10-08T05:44:44.3427303Z [command]/usr/bin/git submodule foreach --recursive sh -c "git config --local --name-only --get-regexp 'core\.sshCommand' && git config --local --unset-all 'core.sshCommand' || :"
2026-10-08T05:44:44.3981355Z [command]/usr/bin/git config --local --name-only --get-regexp http\.https\:\/\/github\.com\/\.extraheader
2026-10-08T05:44:44.4065481Z http.https://github.com/.extraheader
2026-10-08T05:44:44.4145696Z [command]/usr/bin/git config --local --unset-all http.https://github.com/.extraheader
2026-10-08T05:44:44.4186430Z [command]/usr/bin/git submodule foreach --recursive sh -c "git config --local --name-only --get-regexp 'http\.https\:\/\/github\.com\/\.extraheader' && git config --local --unset-all 'http.https://github.com/.extraheader' || :"
2026-10-08T05:44:44.4946006Z [command]/usr/bin/git config --local --name-only --get-regexp ^includeIf\.gitdir:
2026-10-08T05:44:44.5118622Z [command]/usr/bin/git submodule foreach --recursive git config --local --show-origin --name-only --get-regexp remote.origin.url
2026-10-08T05:44:44.5728624Z Cleaning up orphan processes
2026-10-08T05:44:44.6007670Z Terminate orphan process: pid (2125) (java)
2026-10-08T05:44:44.6020219Z ##[warning]Node.js 20 is deprecated. The following actions target Node.js 20 but are being forced to run on Node.js 24: actions/checkout@v4, actions/setup-java@v4. For more information see: https://github.blog/changelog/2025-09-19-deprecation-of-node-20-on-github-actions-runners/
