2026-10-08T05:46:11.4848861Z Current runner version: '2.337.0'
2026-10-08T05:46:11.4928018Z ##[group]Runner Image Provisioner
2026-10-08T05:46:11.4929610Z Hosted Compute Agent
2026-10-08T05:46:11.4930727Z Version: 20260901.588
2026-10-08T05:46:11.4931941Z Commit: f88ec8081b781fac6c440065ac7ff9e710ce3d0b
2026-10-08T05:46:11.4933427Z Build Date: 2026-09-01T19:56:44Z
2026-10-08T05:46:11.4934699Z Worker ID: {b1362766-94e2-410a-ac7f-6734d778feb1}
2026-10-08T05:46:11.4936097Z Azure Region: eastus
2026-10-08T05:46:11.4937541Z ##[endgroup]
2026-10-08T05:46:11.4940158Z ##[group]Operating System
2026-10-08T05:46:11.4941344Z Ubuntu
2026-10-08T05:46:11.4942234Z 24.04.5
2026-10-08T05:46:11.4943053Z LTS
2026-10-08T05:46:11.4944058Z ##[endgroup]
2026-10-08T05:46:11.4945066Z ##[group]Runner Image
2026-10-08T05:46:11.4967049Z Image: ubuntu-24.04
2026-10-08T05:46:11.4968051Z Version: 20260927.320.1
2026-10-08T05:46:11.4970410Z Included Software: https://github.com/actions/runner-images/blob/ubuntu24/20260927.320/images/ubuntu/Ubuntu2404-Readme.md
2026-10-08T05:46:11.4973226Z Image Release: https://github.com/actions/runner-images/releases/tag/ubuntu24%2F20260927.320
2026-10-08T05:46:11.4974930Z ##[endgroup]
2026-10-08T05:46:11.4977505Z ##[group]GITHUB_TOKEN Permissions
2026-10-08T05:46:11.4980602Z Contents: read
2026-10-08T05:46:11.4981558Z Metadata: read
2026-10-08T05:46:11.4982639Z Packages: read
2026-10-08T05:46:11.4983572Z ##[endgroup]
2026-10-08T05:46:11.4998862Z Secret source: Actions
2026-10-08T05:46:11.5000537Z Cache mode: write
2026-10-08T05:46:11.5002623Z Prepare workflow directory
2026-10-08T05:46:11.5829895Z Prepare all required actions
2026-10-08T05:46:11.5904745Z Getting action download info
2026-10-08T05:46:11.7917943Z Download action repository 'actions/checkout@v4' (SHA:11d5960a326750d5838078e36cf38b85af677262)
2026-10-08T05:46:11.8945420Z Download action repository 'actions/setup-java@v4' (SHA:cf277c60eb25467037889841efdb72551f06f6c3)
2026-10-08T05:46:12.1569958Z Download action repository 'actions/upload-artifact@v4' (SHA:ea165f8d65b6e75b540449e92b4886f43607fa02)
2026-10-08T05:46:12.4337671Z Complete job name: build
2026-10-08T05:46:12.5315173Z ##[group]Run actions/checkout@v4
2026-10-08T05:46:12.5316857Z with:
2026-10-08T05:46:12.5317771Z   repository: GeniusVoid/ChessInsight
2026-10-08T05:46:12.5327720Z   token: ***
2026-10-08T05:46:12.5328602Z   ssh-strict: true
2026-10-08T05:46:12.5329416Z   ssh-user: git
2026-10-08T05:46:12.5330249Z   persist-credentials: true
2026-10-08T05:46:12.5331155Z   clean: true
2026-10-08T05:46:12.5331992Z   sparse-checkout-cone-mode: true
2026-10-08T05:46:12.5332995Z   fetch-depth: 1
2026-10-08T05:46:12.5333792Z   fetch-tags: false
2026-10-08T05:46:12.5334624Z   show-progress: true
2026-10-08T05:46:12.5335514Z   lfs: false
2026-10-08T05:46:12.5336637Z   submodules: false
2026-10-08T05:46:12.5337570Z   set-safe-directory: true
2026-10-08T05:46:12.5338529Z   allow-unsafe-pr-checkout: false
2026-10-08T05:46:12.5339870Z ##[endgroup]
2026-10-08T05:46:12.6549066Z Syncing repository: GeniusVoid/ChessInsight
2026-10-08T05:46:12.6554508Z ##[group]Getting Git version info
2026-10-08T05:46:12.6558283Z Working directory is '/home/runner/work/ChessInsight/ChessInsight'
2026-10-08T05:46:12.6563368Z [command]/usr/bin/git version
2026-10-08T05:46:12.6777109Z git version 2.55.0
2026-10-08T05:46:12.6785031Z ##[endgroup]
2026-10-08T05:46:12.6831914Z Temporarily overriding HOME='/home/runner/work/_temp/e714bd26-47de-449d-8bf4-87fc221d7e3d' before making global git config changes
2026-10-08T05:46:12.6850866Z Adding repository directory to the temporary git global config as a safe directory
2026-10-08T05:46:12.6855551Z [command]/usr/bin/git config --global --add safe.directory /home/runner/work/ChessInsight/ChessInsight
2026-10-08T05:46:12.6887414Z Deleting the contents of '/home/runner/work/ChessInsight/ChessInsight'
2026-10-08T05:46:12.6929995Z ##[group]Initializing the repository
2026-10-08T05:46:12.6932496Z [command]/usr/bin/git init /home/runner/work/ChessInsight/ChessInsight
2026-10-08T05:46:12.7105676Z hint: Using 'master' as the name for the initial branch. This default branch name
2026-10-08T05:46:12.7110501Z hint: will change to "main" in Git 3.0. To configure the initial branch name
2026-10-08T05:46:12.7114799Z hint: to use in all of your new repositories, which will suppress this warning,
2026-10-08T05:46:12.7118844Z hint: call:
2026-10-08T05:46:12.7120875Z hint:
2026-10-08T05:46:12.7127638Z hint: 	git config --global init.defaultBranch <name>
2026-10-08T05:46:12.7130044Z hint:
2026-10-08T05:46:12.7132550Z hint: Names commonly chosen instead of 'master' are 'main', 'trunk' and
2026-10-08T05:46:12.7136088Z hint: 'development'. The just-created branch can be renamed via this command:
2026-10-08T05:46:12.7139813Z hint:
2026-10-08T05:46:12.7141020Z hint: 	git branch -m <name>
2026-10-08T05:46:12.7142295Z hint:
2026-10-08T05:46:12.7143984Z hint: Disable this message with "git config set advice.defaultBranchName false"
2026-10-08T05:46:12.7146891Z Initialized empty Git repository in /home/runner/work/ChessInsight/ChessInsight/.git/
2026-10-08T05:46:12.7154434Z [command]/usr/bin/git remote add origin https://github.com/GeniusVoid/ChessInsight
2026-10-08T05:46:12.7224023Z ##[endgroup]
2026-10-08T05:46:12.7227156Z ##[group]Disabling automatic garbage collection
2026-10-08T05:46:12.7230254Z [command]/usr/bin/git config --local gc.auto 0
2026-10-08T05:46:12.7334603Z ##[endgroup]
2026-10-08T05:46:12.7337061Z ##[group]Setting up auth
2026-10-08T05:46:12.7339543Z [command]/usr/bin/git config --local --name-only --get-regexp core\.sshCommand
2026-10-08T05:46:12.7405719Z [command]/usr/bin/git submodule foreach --recursive sh -c "git config --local --name-only --get-regexp 'core\.sshCommand' && git config --local --unset-all 'core.sshCommand' || :"
2026-10-08T05:46:12.7963068Z [command]/usr/bin/git config --local --name-only --get-regexp http\.https\:\/\/github\.com\/\.extraheader
2026-10-08T05:46:12.8012158Z [command]/usr/bin/git submodule foreach --recursive sh -c "git config --local --name-only --get-regexp 'http\.https\:\/\/github\.com\/\.extraheader' && git config --local --unset-all 'http.https://github.com/.extraheader' || :"
2026-10-08T05:46:12.8287410Z [command]/usr/bin/git config --local --name-only --get-regexp ^includeIf\.gitdir:
2026-10-08T05:46:12.8332747Z [command]/usr/bin/git submodule foreach --recursive git config --local --show-origin --name-only --get-regexp remote.origin.url
2026-10-08T05:46:12.8593082Z [command]/usr/bin/git config --local http.https://github.com/.extraheader AUTHORIZATION: basic ***
2026-10-08T05:46:12.8644699Z ##[endgroup]
2026-10-08T05:46:12.8648509Z ##[group]Fetching the repository
2026-10-08T05:46:12.8659617Z [command]/usr/bin/git -c protocol.version=2 fetch --no-tags --prune --no-recurse-submodules --depth=1 origin +da64b39dc0e0550a4ed3fe0c6602a17bf6d7fbd9:refs/remotes/origin/main
2026-10-08T05:46:13.1296072Z From https://github.com/GeniusVoid/ChessInsight
2026-10-08T05:46:13.1297853Z  * [new ref]         da64b39dc0e0550a4ed3fe0c6602a17bf6d7fbd9 -> origin/main
2026-10-08T05:46:13.1300282Z ##[endgroup]
2026-10-08T05:46:13.1301294Z ##[group]Determining the checkout info
2026-10-08T05:46:13.1302218Z ##[endgroup]
2026-10-08T05:46:13.1302608Z [command]/usr/bin/git sparse-checkout disable
2026-10-08T05:46:13.1334984Z [command]/usr/bin/git config --local --unset-all extensions.worktreeConfig
2026-10-08T05:46:13.1380458Z ##[group]Checking out the ref
2026-10-08T05:46:13.1385353Z [command]/usr/bin/git checkout --progress --force -B main refs/remotes/origin/main
2026-10-08T05:46:13.1476509Z Switched to a new branch 'main'
2026-10-08T05:46:13.1487441Z branch 'main' set up to track 'origin/main'.
2026-10-08T05:46:13.1495635Z ##[endgroup]
2026-10-08T05:46:13.1560022Z [command]/usr/bin/git log -1 --format=%H
2026-10-08T05:46:13.1589233Z da64b39dc0e0550a4ed3fe0c6602a17bf6d7fbd9
2026-10-08T05:46:13.1937996Z ##[group]Run actions/setup-java@v4
2026-10-08T05:46:13.1938493Z with:
2026-10-08T05:46:13.1938846Z   java-version: 17
2026-10-08T05:46:13.1939206Z   distribution: temurin
2026-10-08T05:46:13.1939567Z   cache: gradle
2026-10-08T05:46:13.1940149Z   java-package: jdk
2026-10-08T05:46:13.1940517Z   check-latest: false
2026-10-08T05:46:13.1940879Z   server-id: github
2026-10-08T05:46:13.1941246Z   server-username: GITHUB_ACTOR
2026-10-08T05:46:13.1941665Z   server-password: GITHUB_TOKEN
2026-10-08T05:46:13.1942069Z   overwrite-settings: true
2026-10-08T05:46:13.2012648Z   job-status: success
2026-10-08T05:46:13.2018143Z   token: ***
2026-10-08T05:46:13.2018569Z ##[endgroup]
2026-10-08T05:46:13.3973174Z ##[warning]setup-java v4 is deprecated and will no longer receive updates. Please migrate to actions/setup-java@v5.
2026-10-08T05:46:13.3980753Z ##[group]Installed distributions
2026-10-08T05:46:13.4122304Z (node:2072) [DEP0040] DeprecationWarning: The `punycode` module is deprecated. Please use a userland alternative instead.
2026-10-08T05:46:13.4125504Z (Use `node --trace-deprecation ...` to show where the warning was created)
2026-10-08T05:46:13.4225695Z Resolved Java 17.0.20+1 from tool-cache
2026-10-08T05:46:13.4227504Z Setting Java 17.0.20+1 as the default
2026-10-08T05:46:13.4229471Z Creating toolchains.xml for JDK version 17 from temurin
2026-10-08T05:46:13.4237577Z Writing to /home/runner/.m2/toolchains.xml
2026-10-08T05:46:13.4241029Z 
2026-10-08T05:46:13.4241381Z Java configuration:
2026-10-08T05:46:13.4242073Z   Distribution: temurin
2026-10-08T05:46:13.4242762Z   Version: 17.0.20+1
2026-10-08T05:46:13.4243878Z   Path: /opt/hostedtoolcache/Java_Temurin-Hotspot_jdk/17.0.20-1/x64
2026-10-08T05:46:13.4244538Z 
2026-10-08T05:46:13.4245262Z ##[endgroup]
2026-10-08T05:46:13.4265769Z Creating settings.xml with server-id: github
2026-10-08T05:46:13.4273433Z Writing to /home/runner/.m2/settings.xml
2026-10-08T05:46:13.6398987Z gradle cache is not found
2026-10-08T05:46:13.6603721Z ##[group]Run chmod +x gradlew || true
2026-10-08T05:46:13.6604581Z [36;1mchmod +x gradlew || true[0m
2026-10-08T05:46:13.6944799Z shell: /usr/bin/bash -e {0}
2026-10-08T05:46:13.6945441Z env:
2026-10-08T05:46:13.6946402Z   JAVA_HOME: /opt/hostedtoolcache/Java_Temurin-Hotspot_jdk/17.0.20-1/x64
2026-10-08T05:46:13.6947508Z   JAVA_HOME_17_X64: /opt/hostedtoolcache/Java_Temurin-Hotspot_jdk/17.0.20-1/x64
2026-10-08T05:46:13.6948378Z ##[endgroup]
2026-10-08T05:46:13.7154773Z ##[group]Run if [ -f "./gradlew" ]; then
2026-10-08T05:46:13.7155324Z [36;1mif [ -f "./gradlew" ]; then[0m
2026-10-08T05:46:13.7155739Z [36;1m  ./gradlew assembleDebug[0m
2026-10-08T05:46:13.7156126Z [36;1melse[0m
2026-10-08T05:46:13.7156949Z [36;1m  gradle assembleDebug[0m
2026-10-08T05:46:13.7157384Z [36;1mfi[0m
2026-10-08T05:46:13.7228820Z shell: /usr/bin/bash -e {0}
2026-10-08T05:46:13.7229239Z env:
2026-10-08T05:46:13.7229714Z   JAVA_HOME: /opt/hostedtoolcache/Java_Temurin-Hotspot_jdk/17.0.20-1/x64
2026-10-08T05:46:13.7230383Z   JAVA_HOME_17_X64: /opt/hostedtoolcache/Java_Temurin-Hotspot_jdk/17.0.20-1/x64
2026-10-08T05:46:13.7230906Z ##[endgroup]
2026-10-08T05:46:13.7629857Z Error: Unable to access jarfile /home/runner/work/ChessInsight/ChessInsight/gradle/wrapper/gradle-wrapper.jar
2026-10-08T05:46:13.7640428Z ##[error]Process completed with exit code 1.
2026-10-08T05:46:13.7801936Z Post job cleanup.
2026-10-08T05:46:13.9331410Z (node:2101) [DEP0040] DeprecationWarning: The `punycode` module is deprecated. Please use a userland alternative instead.
2026-10-08T05:46:13.9333936Z (Use `node --trace-deprecation ...` to show where the warning was created)
2026-10-08T05:46:13.9638572Z Post job cleanup.
2026-10-08T05:46:14.0895743Z [command]/usr/bin/git version
2026-10-08T05:46:14.1005227Z git version 2.55.0
2026-10-08T05:46:14.1127866Z Temporarily overriding HOME='/home/runner/work/_temp/30647bc1-4089-4d08-949b-7c4d94e84822' before making global git config changes
2026-10-08T05:46:14.1129964Z Adding repository directory to the temporary git global config as a safe directory
2026-10-08T05:46:14.1157988Z [command]/usr/bin/git config --global --add safe.directory /home/runner/work/ChessInsight/ChessInsight
2026-10-08T05:46:14.1247700Z [command]/usr/bin/git config --local --name-only --get-regexp core\.sshCommand
2026-10-08T05:46:14.1360368Z [command]/usr/bin/git submodule foreach --recursive sh -c "git config --local --name-only --get-regexp 'core\.sshCommand' && git config --local --unset-all 'core.sshCommand' || :"
2026-10-08T05:46:14.2051896Z [command]/usr/bin/git config --local --name-only --get-regexp http\.https\:\/\/github\.com\/\.extraheader
2026-10-08T05:46:14.2086753Z http.https://github.com/.extraheader
2026-10-08T05:46:14.2117789Z [command]/usr/bin/git config --local --unset-all http.https://github.com/.extraheader
2026-10-08T05:46:14.2198787Z [command]/usr/bin/git submodule foreach --recursive sh -c "git config --local --name-only --get-regexp 'http\.https\:\/\/github\.com\/\.extraheader' && git config --local --unset-all 'http.https://github.com/.extraheader' || :"
2026-10-08T05:46:14.2587663Z [command]/usr/bin/git config --local --name-only --get-regexp ^includeIf\.gitdir:
2026-10-08T05:46:14.2642334Z [command]/usr/bin/git submodule foreach --recursive git config --local --show-origin --name-only --get-regexp remote.origin.url
2026-10-08T05:46:14.3219508Z Cleaning up orphan processes
2026-10-08T05:46:14.3545628Z ##[warning]Node.js 20 is deprecated. The following actions target Node.js 20 but are being forced to run on Node.js 24: actions/checkout@v4, actions/setup-java@v4. For more information see: https://github.blog/changelog/2025-09-19-deprecation-of-node-20-on-github-actions-runners/
